// Jest Snapshot v1, https://goo.gl/fbAQLP

exports[`Counter Component Snapshot- 1 1`] = `
<center>
  <div
    className="tableCls custom-border"
    data-test="component-table"
  >
    <table>
      <thead>
        <tr>
          <th>
            #Sl.No
          </th>
          <th>
            Employee Name
          </th>
          <th>
            Company Name
          </th>
          <th>
            Address
          </th>
        </tr>
      </thead>
      <tbody>
        <tr>
          <td>
            1
          </td>
          <td>
            Rahul Kumar
          </td>
          <td>
            TCS
          </td>
          <td>
            America
          </td>
        </tr>
      </tbody>
    </table>
  </div>
</center>
`;

exports[`Counter Component Snapshot- 2 1`] = `
<center>
  <div
    className="tableCls custom-border"
    data-test="component-table"
  >
    <table>
      <thead>
        <tr>
          <th>
            #Sl.No
          </th>
          <th>
            Employee Name
          </th>
          <th>
            Company Name
          </th>
          <th>
            Address
          </th>
        </tr>
      </thead>
      <tbody>
        <tr>
          <td>
            1
          </td>
          <td>
            Rahul Kumar
          </td>
          <td>
            TCS
          </td>
          <td>
            America
          </td>
        </tr>
      </tbody>
    </table>
  </div>
</center>
`;

exports[`Counter Component Snapshot- 3 1`] = `
<center>
  <div
    className="tableCls custom-border"
    data-test="component-table"
  >
    <table>
      <thead>
        <tr>
          <th>
            #Sl.No
          </th>
          <th>
            Employee Name
          </th>
          <th>
            Company Name
          </th>
          <th>
            Address
          </th>
        </tr>
      </thead>
      <tbody>
        <tr>
          <td>
            1
          </td>
          <td>
            Rahul Kumar
          </td>
          <td>
            TCS
          </td>
          <td>
            America
          </td>
        </tr>
      </tbody>
    </table>
  </div>
</center>
`;
